[23:09:32] [+] Starting reconnaissance on amazon.com...
[23:09:32] [+] Reports will be saved in: ./recon_reports/amazon_com_20251024T060932Z

Select reconnaissance mode:
1) Passive reconnaissance
2) Active reconnaissance
3) Both
Enter choice [1-3]: [23:09:34] [+] Running both passive and active reconnaissance...
[23:09:34] [+] Starting passive reconnaissance...
[23:09:34] [+] Running WHOIS scan...
[23:10:34] [+] Running DNS Lookup scan...
[23:10:43] [+] Passive reconnaissance complete.
[23:10:43] [+] Starting active reconnaissance...
[23:10:43] [+] Running Nmap scan...
[23:10:47] [+] Running Nikto scan...
[23:11:22] [+] Running AXFR scan...
[23:12:10] [+] Running TestSSL scan...
[23:12:10] [+] Active reconnaissance complete.
[23:12:10] [+] Reconnaissance complete.
[23:12:10] [+] HTML report saved to: ./recon_reports/amazon_com_20251024T060932Z/recon.html
[23:12:10] [+] Log file saved to: ./recon_reports/amazon_com_20251024T060932Z/recon.log
