[23:25:22] [+] Starting reconnaissance on flipkart.com...
[23:25:22] [+] Reports will be saved in: ./recon_reports/flipkart_com_20251024T062522Z

Select reconnaissance mode:
1) Passive reconnaissance
2) Active reconnaissance
3) Both
Enter choice [1-3]: [23:25:23] [+] Running both passive and active reconnaissance...
[23:25:23] [+] Starting passive reconnaissance...
[23:25:23] [+] Running WHOIS scan...
[23:26:23] [+] Running DNS Lookup scan...
[23:26:33] [+] Passive reconnaissance complete.
[23:26:33] [+] Starting active reconnaissance...
[23:26:33] [+] Running Nmap scan...
[23:26:37] [+] Running Nikto scan...
[23:27:12] [+] Running AXFR scan...
[23:27:39] [+] Running TestSSL scan...
[23:27:39] [+] Active reconnaissance complete.
[23:27:39] [+] Reconnaissance complete.
[23:27:39] [+] HTML report saved to: ./recon_reports/flipkart_com_20251024T062522Z/recon.html
[23:27:39] [+] Log file saved to: ./recon_reports/flipkart_com_20251024T062522Z/recon.log
