[23:31:29] [+] Starting reconnaissance on meesho.com...
[23:31:29] [+] Reports will be saved in: ./recon_reports/meesho_com_20251024T063129Z

Select reconnaissance mode:
1) Passive reconnaissance
2) Active reconnaissance
3) Both
Enter choice [1-3]: [23:31:34] [+] Running both passive and active reconnaissance...
[23:31:34] [+] Starting passive reconnaissance...
[23:31:34] [+] Running WHOIS scan...
[23:32:34] [+] Running DNS Lookup scan...
[23:32:47] [+] Passive reconnaissance complete.
[23:32:47] [+] Starting active reconnaissance...
[23:32:47] [+] Running Nmap scan...
[23:32:51] [+] Running Nikto scan...
[23:33:28] [+] Running AXFR scan...
[23:33:55] [+] Running TestSSL scan...
[23:33:55] [+] Active reconnaissance complete.
[23:33:55] [+] Reconnaissance complete.
[23:33:55] [+] HTML report saved to: ./recon_reports/meesho_com_20251024T063129Z/recon.html
[23:33:55] [+] Log file saved to: ./recon_reports/meesho_com_20251024T063129Z/recon.log
