[23:14:24] [+] Starting reconnaissance on slcs.edu.in...
[23:14:24] [+] Reports will be saved in: ./recon_reports/slcs_edu_in_20251024T061424Z

Select reconnaissance mode:
1) Passive reconnaissance
2) Active reconnaissance
3) Both
Enter choice [1-3]: [23:14:26] [+] Running both passive and active reconnaissance...
[23:14:26] [+] Starting passive reconnaissance...
[23:14:26] [+] Running WHOIS scan...
[23:14:29] [+] Running DNS Lookup scan...
[23:14:39] [+] Passive reconnaissance complete.
[23:14:39] [+] Starting active reconnaissance...
[23:14:39] [+] Running Nmap scan...
[23:14:42] [+] Running Nikto scan...
[23:15:18] [+] Running AXFR scan...
[23:15:45] [+] Running TestSSL scan...
[23:15:45] [+] Active reconnaissance complete.
[23:15:45] [+] Reconnaissance complete.
[23:15:45] [+] HTML report saved to: ./recon_reports/slcs_edu_in_20251024T061424Z/recon.html
[23:15:45] [+] Log file saved to: ./recon_reports/slcs_edu_in_20251024T061424Z/recon.log
