[22:37:46] [+] Starting reconnaissance on meesho.com...
[22:37:46] [+] Reports will be saved in: ./recon_reports/meesho_com_20251024T053746Z

Select reconnaissance mode:
1) Passive reconnaissance
2) Active reconnaissance
3) Both
Enter choice [1-3]: [22:37:48] [+] Running both passive and active reconnaissance...
[22:37:48] [+] Starting passive reconnaissance...
[22:37:48] [+] Running WHOIS scan...
[22:37:50] [+] Running DNS Lookup scan...
[22:37:53] [+] Passive reconnaissance complete.
[22:37:53] [+] Starting active reconnaissance...
[22:37:53] [+] Running Nmap scan...
[22:41:03] [+] Running Nikto scan...
[22:48:12] [+] Running AXFR scan...
[22:48:45] [+] Running TestSSL scan...
[22:48:45] [+] Active reconnaissance complete.
[22:48:45] [+] Reconnaissance complete.
[22:48:45] [+] HTML report saved to: ./recon_reports/meesho_com_20251024T053746Z/recon.html
[22:48:45] [+] Log file saved to: ./recon_reports/meesho_com_20251024T053746Z/recon.log
