[23:00:38] [+] Starting reconnaissance on meesho.com...
[23:00:38] [+] Reports will be saved in: ./recon_reports/meesho_com_20251024T060038Z

Select reconnaissance mode:
1) Passive reconnaissance
2) Active reconnaissance
3) Both
Enter choice [1-3]: [23:00:40] [+] Starting passive reconnaissance...
[23:00:40] [+] Running WHOIS:  whois meesho.com
[23:01:40] [+] Running DNS - A,AAAA,MX,NS,SOA,TXT:  dig +noall +answer A AAAA MX NS SOA TXT meesho.com
[23:01:52] [+] Running DNS - Full ANY (may be limited by servers):  dig ANY +noall +answer meesho.com
[23:02:02] [+] Running HTTP HEAD (curl -I):  curl -I --max-time 15 --location --silent --show-error http://meesho.com
[23:02:06] [+] Running HTTP HEAD (curl -I HTTPS):  curl -I --max-time 15 --location --silent --show-error https://meesho.com
[23:02:21] [+] Passive reconnaissance complete.
[23:02:21] [+] Starting active reconnaissance...
[23:02:21] [+] Running Nmap - service/version (top 100 ports):  nmap -sV --top-ports 100 --open meesho.com
[23:02:25] [+] Running Nikto (web scan):  nikto -host meesho.com -timeout 15
[23:03:08] [!] Warning: 'testssl.sh' not found; skipping related checks.
[23:04:37] [+] Running AXFR Attempts:  cat /tmp/tmp.OnubDiX7Vq
[23:04:37] [+] Active reconnaissance complete.
[23:04:37] [+] Reconnaissance complete.
[23:04:37] [+] HTML report saved to: ./recon_reports/meesho_com_20251024T060038Z/recon.html
[23:04:37] [+] Log file saved to: ./recon_reports/meesho_com_20251024T060038Z/recon.log
