[23:18:49] [+] Starting reconnaissance on flipkart.com...
[23:18:49] [+] Reports will be saved in: ./recon_reports/flipkart_com_20251024T061849Z

Select reconnaissance mode:
1) Passive reconnaissance
2) Active reconnaissance
3) Both
Enter choice [1-3]: [23:18:50] [+] Running both passive and active reconnaissance...
[23:18:50] [+] Starting passive reconnaissance...
[23:18:50] [+] Running WHOIS scan...
[23:19:50] [+] Running DNS Lookup scan...
[23:19:59] [+] Passive reconnaissance complete.
[23:19:59] [+] Starting active reconnaissance...
[23:19:59] [+] Running Nmap scan...
[23:20:03] [+] Running Nikto scan...
[23:20:38] [+] Running AXFR scan...
[23:21:06] [+] Running TestSSL scan...
[23:21:06] [+] Active reconnaissance complete.
[23:21:06] [+] Reconnaissance complete.
[23:21:06] [+] HTML report saved to: ./recon_reports/flipkart_com_20251024T061849Z/recon.html
[23:21:06] [+] Log file saved to: ./recon_reports/flipkart_com_20251024T061849Z/recon.log
